
============================================================
  SEO CHECKER - Search Engine Optimization Audit
============================================================
Project: C:\Users\mehdi\Documents\GitHub\DepanceAPP
Time: 2026-02-23 12:14:20
------------------------------------------------------------
Found 17 page files to analyze

============================================================
SEO ANALYSIS RESULTS
============================================================

Issue Summary:
  [6] Missing meta description
  [6] Missing Open Graph tags
  [4] Missing <title> tag

Affected files (6):
  - index.html
  - stats.html
  - Analytics.tsx
  - Dashboard.tsx
  - Goals.tsx
  ... and 1 more

{
  "script": "seo_checker",
  "project": "C:\\Users\\mehdi\\Documents\\GitHub\\DepanceAPP",
  "files_checked": 17,
  "files_with_issues": 6,
  "issues_found": 16,
  "passed": false
}
