
[UX AUDIT] 40 files checked
--------------------------------------------------
[!] ISSUES (3):
  - [Color] AddAccountModal.tsx: PURPLE DETECTED ('fuchsia'). Banned by Maestro rules. Use Teal/Cyan/Emerald instead.
  - [Color] StoryOverlay.tsx: PURPLE DETECTED ('purple'). Banned by Maestro rules. Use Teal/Cyan/Emerald instead.
  - [Color] AddTemplateModal.tsx: PURPLE DETECTED ('fuchsia'). Banned by Maestro rules. Use Teal/Cyan/Emerald instead.
[*] WARNINGS (253):
  - [Color] index.html: Color variables without HSL. Consider HSL for easier palette adjustment (Hue, Saturation, Lightness).
  - [Reflective] App.tsx: Long-form content without brand story/values. Add 'About' or 'Why We Exist' section.
  - [Trust] App.tsx: No social proof detected. Consider adding testimonials, ratings, or 'Trusted by' logos.
  - [Typography] App.tsx: No line length constraint (45-75ch). Use max-w-prose or max-w-[65ch].
  - [Typography] App.tsx: Text elements found without line-height. Body: 1.4-1.6, Headings: 1.1-1.3
  - [Visual] App.tsx: Flat design with no depth. Consider shadows or subtle gradients for hierarchy.
  - [Animation] App.tsx: Async operations without loading indicator. Add skeleton or spinner for perceived performance.
  - [Animation] App.tsx: Routing detected without page transitions. Consider fade/slide for context continuity.
  - [Color] index.css: Color variables without HSL. Consider HSL for easier palette adjustment (Hue, Saturation, Lightness).
  - [Von Restorff] ReloadPrompt.tsx: No primary CTA
  - [Persuasion] ReloadPrompt.tsx: Social proof without specific numbers. Use 'Join 10,000+' format.
  - [Typography] ReloadPrompt.tsx: Text elements found without line-height. Body: 1.4-1.6, Headings: 1.1-1.3
  - [Typography] ReloadPrompt.tsx: Fixed font sizes without clamp(). Consider fluid typography: clamp(MIN, PREFERRED, MAX)
  - [Fitts' Law] AccountCard.tsx: Small targets (< 44px)
  - [Reflective] AccountCard.tsx: Long-form content without brand story/values. Add 'About' or 'Why We Exist' section.
[+] PASSED CHECKS: 12
STATUS: FAIL
