
[UX AUDIT] 41 files checked
--------------------------------------------------
[!] ISSUES (20):
  - [Color] stats.html: PURPLE DETECTED ('purple'). Banned by Maestro rules. Use Teal/Cyan/Emerald instead.
  - [Cognitive Load] index.css: Form inputs without labels. Use <label> for accessibility and clarity.
  - [Cognitive Load] AccountCard.tsx: Form inputs without labels. Use <label> for accessibility and clarity.
  - [Color] AddAccountModal.tsx: PURPLE DETECTED ('purple'). Banned by Maestro rules. Use Teal/Cyan/Emerald instead.
  - [Cognitive Load] SpendingChart.tsx: Form inputs without labels. Use <label> for accessibility and clarity.
  - [Cognitive Load] CapitalCard.tsx: Form inputs without labels. Use <label> for accessibility and clarity.
  - [Cognitive Load] RecentTransactions.tsx: Form inputs without labels. Use <label> for accessibility and clarity.
  - [Color] StoryOverlay.tsx: PURPLE DETECTED ('purple'). Banned by Maestro rules. Use Teal/Cyan/Emerald instead.
  - [Color] CreateGoalDialog.tsx: PURPLE DETECTED ('purple'). Banned by Maestro rules. Use Teal/Cyan/Emerald instead.
  - [Cognitive Load] GoalCard.tsx: Form inputs without labels. Use <label> for accessibility and clarity.
[*] WARNINGS (271):
  - [Color] index.html: Color variables without HSL. Consider HSL for easier palette adjustment (Hue, Saturation, Lightness).
  - [Fitts' Law] stats.html: Small targets (< 44px)
  - [Typography] stats.html: Uppercase text without tracking. ALL CAPS needs +5-10% spacing.
  - [Color] stats.html: Pure black (#000000) detected. Use #1a1a1a or darker grays for better dark mode.
  - [Color] stats.html: Blue color in food context. Blue suppresses appetite; consider warm colors (red, orange, yellow).
  - [Animation] stats.html: Interactive elements without hover/focus states. Add micro-interactions for feedback.
  - [Reflective] App.tsx: Long-form content without brand story/values. Add 'About' or 'Why We Exist' section.
  - [Trust] App.tsx: No social proof detected. Consider adding testimonials, ratings, or 'Trusted by' logos.
  - [Typography] App.tsx: No line length constraint (45-75ch). Use max-w-prose or max-w-[65ch].
  - [Typography] App.tsx: Text elements found without line-height. Body: 1.4-1.6, Headings: 1.1-1.3
  - [Visual] App.tsx: Flat design with no depth. Consider shadows or subtle gradients for hierarchy.
  - [Animation] App.tsx: Async operations without loading indicator. Add skeleton or spinner for perceived performance.
  - [Animation] App.tsx: Routing detected without page transitions. Consider fade/slide for context continuity.
  - [Color] index.css: Color variables without HSL. Consider HSL for easier palette adjustment (Hue, Saturation, Lightness).
  - [Von Restorff] ReloadPrompt.tsx: No primary CTA
[+] PASSED CHECKS: 13
STATUS: FAIL
